mysql> show databases;
+--------------------+
| Database           |
+--------------------+
| information_schema |
| mysql              |
| performance_schema |
| sys                |
| udacity            |
+--------------------+
5 rows in set (0.01 sec)

mysql> use udacity
Reading table information for completion of table and column names
You can turn off this feature to get a quicker startup with -A

Database changed
mysql> show tables;
+-------------------+
| Tables_in_udacity |
+-------------------+
| pet               |
+-------------------+
1 row in set (0.00 sec)

mysql> select * from pet;
+------+-------+------+
| name | owner | sex  |
+------+-------+------+
| Vika | NaVi  | f    |
| Dog  | Mi    | m    |
+------+-------+------+
2 rows in set (0.00 sec)

mysql> INSERT INTO pet VALUES ('Cat','Vika','m');
ERROR 1290 (HY000): The MySQL server is running with the --read-only option so it cannot execute this statement
mysql>